******************************************************************************
                  TI ARM Linker PC v18.12.4                    
******************************************************************************
>> Linked Sun Mar 29 12:25:31 2020

OUTPUT FILE NAME:   <lcd_keypad_config.out>
ENTRY POINT SYMBOL: "_c_int00_noargs"  address: 00000df9


MEMORY CONFIGURATION

         name            origin    length      used     unused   attr    fill
----------------------  --------  ---------  --------  --------  ----  --------
  FLASH                 00000000   00040000  00000e72  0003f18e  R  X
  SRAM                  20000000   00008000  00000214  00007dec  RW X


SEGMENT ALLOCATION MAP

run origin  load origin   length   init length attrs members
----------  ----------- ---------- ----------- ----- -------
00000000    00000000    00000e78   00000e78    r-x
  00000000    00000000    0000026c   0000026c    r-- .intvecs
  0000026c    0000026c    00000be2   00000be2    r-x .text
  00000e4e    00000e4e    0000000c   0000000c    r-- .const
  00000e60    00000e60    00000018   00000018    r-- .cinit
20000000    20000000    00000214   00000000    rw-
  20000000    20000000    00000200   00000000    rw- .stack
  20000200    20000200    00000014   00000000    rw- .data


SECTION ALLOCATION MAP

 output                                  attributes/
section   page    origin      length       input sections
--------  ----  ----------  ----------   ----------------
.intvecs   0    00000000    0000026c     
                  00000000    0000026c     tm4c123gh6pm_startup_ccs.obj (.intvecs)

.text      0    0000026c    00000be2     
                  0000026c    00000a44     main.obj (.text)
                  00000cb0    0000009c     rtsv7M4_T_le_v4SPD16_eabi.lib : memcpy_t2.asm.obj (.text)
                  00000d4c    00000068                                   : copy_decompress_lzss.c.obj (.text:decompress:lzss:__TI_decompress_lzss)
                  00000db4    00000044                                   : autoinit.c.obj (.text:__TI_auto_init_nobinit_nopinit:__TI_auto_init_nobinit_nopinit)
                  00000df8    00000034                                   : boot_cortex_m.c.obj (.text:_c_int00_noargs:_c_int00_noargs)
                  00000e2c    0000000e                                   : copy_decompress_none.c.obj (.text:decompress:none:__TI_decompress_none)
                  00000e3a    0000000c     tm4c123gh6pm_startup_ccs.obj (.text)
                  00000e46    00000004     rtsv7M4_T_le_v4SPD16_eabi.lib : pre_init.c.obj (.text:_system_pre_init)
                  00000e4a    00000004                                   : exit.c.obj (.text:abort:abort)

.const     0    00000e4e    0000000c     
                  00000e4e    0000000c     main.obj (.const:symbol)

.cinit     0    00000e60    00000018     
                  00000e60    00000008     (.cinit..data.load) [load image, compression = lzss]
                  00000e68    00000008     (__TI_handler_table)
                  00000e70    00000008     (__TI_cinit_table)

.init_array 
*          0    00000000    00000000     UNINITIALIZED

.data      0    20000200    00000014     UNINITIALIZED
                  20000200    00000014     main.obj (.data)

.stack     0    20000000    00000200     UNINITIALIZED
                  20000000    00000004     rtsv7M4_T_le_v4SPD16_eabi.lib : boot_cortex_m.c.obj (.stack)
                  20000004    000001fc     --HOLE--

MODULE SUMMARY

       Module                         code   ro data   rw data
       ------                         ----   -------   -------
    .\
       main.obj                       2628   12        20     
       tm4c123gh6pm_startup_ccs.obj   12     620       0      
    +--+------------------------------+------+---------+---------+
       Total:                         2640   632       20     
                                                              
    E:\ti\ccs930\ccs\tools\compiler\ti-cgt-arm_18.12.4.LTS\lib\rtsv7M4_T_le_v4SPD16_eabi.lib
       memcpy_t2.asm.obj              156    0         0      
       copy_decompress_lzss.c.obj     104    0         0      
       autoinit.c.obj                 68     0         0      
       boot_cortex_m.c.obj            52     0         0      
       copy_decompress_none.c.obj     14     0         0      
       exit.c.obj                     4      0         0      
       pre_init.c.obj                 4      0         0      
    +--+------------------------------+------+---------+---------+
       Total:                         402    0         0      
                                                              
       Stack:                         0      0         512    
       Linker Generated:              0      24        0      
    +--+------------------------------+------+---------+---------+
       Grand Total:                   3042   656       532    


LINKER GENERATED COPY TABLES

__TI_cinit_table @ 00000e70 records: 1, size/record: 8, table size: 8
	.data: load addr=00000e60, load size=00000008 bytes, run addr=20000200, run size=00000014 bytes, compression=lzss


LINKER GENERATED HANDLER TABLE

__TI_handler_table @ 00000e68 records: 2, size/record: 4, table size: 8
	index: 0, handler: __TI_decompress_lzss
	index: 1, handler: __TI_decompress_none


GLOBAL SYMBOLS: SORTED ALPHABETICALLY BY Name 

address   name                          
-------   ----                          
00000e4b  C$$EXIT                       
00000e3b  ResetISR                      
20000200  __STACK_END                   
00000200  __STACK_SIZE                  
20000200  __STACK_TOP                   
00000e70  __TI_CINIT_Base               
00000e78  __TI_CINIT_Limit              
00000e68  __TI_Handler_Table_Base       
00000e70  __TI_Handler_Table_Limit      
00000db5  __TI_auto_init_nobinit_nopinit
00000d4d  __TI_decompress_lzss          
00000e2d  __TI_decompress_none          
ffffffff  __TI_pprof_out_hndl           
ffffffff  __TI_prof_data_size           
ffffffff  __TI_prof_data_start          
00000000  __TI_static_base__            
00000cb1  __aeabi_memcpy                
00000cb1  __aeabi_memcpy4               
00000cb1  __aeabi_memcpy8               
ffffffff  __binit__                     
ffffffff  __c_args__                    
UNDEFED   __mpu_init                    
20000000  __stack                       
00000df9  _c_int00_noargs               
UNDEFED   _system_post_cinit            
00000e47  _system_pre_init              
00000e4b  abort                         
ffffffff  binit                         
00000375  clr_screen                    
0000026d  delay                         
0000040d  delay_ms                      
000003d3  delay_us                      
20000208  fanState                      
0000075d  fan_off                       
000006f9  fan_on                        
00000000  g_pfnVectors                  
20000210  heatState                     
00000685  heat_off                      
0000062d  heat_on                       
0000044f  keypad_Init                   
000004a7  keypad_getkey                 
000005d5  ledpanel_off                  
00000549  ledpanel_on                   
000007dd  main                          
00000cb1  memcpy                        
20000200  ncols                         
20000204  nrows                         
2000020c  panelState                    
00000301  portd_ini                     
00000517  portf_init                    
0000031d  send_byte                     
00000339  send_num                      
00000351  send_str                      
000002af  spi_master_ini                
00000385  str_pos                       
00000e4e  symbol                        


GLOBAL SYMBOLS: SORTED BY Symbol Address 

address   name                          
-------   ----                          
00000000  __TI_static_base__            
00000000  g_pfnVectors                  
00000200  __STACK_SIZE                  
0000026d  delay                         
000002af  spi_master_ini                
00000301  portd_ini                     
0000031d  send_byte                     
00000339  send_num                      
00000351  send_str                      
00000375  clr_screen                    
00000385  str_pos                       
000003d3  delay_us                      
0000040d  delay_ms                      
0000044f  keypad_Init                   
000004a7  keypad_getkey                 
00000517  portf_init                    
00000549  ledpanel_on                   
000005d5  ledpanel_off                  
0000062d  heat_on                       
00000685  heat_off                      
000006f9  fan_on                        
0000075d  fan_off                       
000007dd  main                          
00000cb1  __aeabi_memcpy                
00000cb1  __aeabi_memcpy4               
00000cb1  __aeabi_memcpy8               
00000cb1  memcpy                        
00000d4d  __TI_decompress_lzss          
00000db5  __TI_auto_init_nobinit_nopinit
00000df9  _c_int00_noargs               
00000e2d  __TI_decompress_none          
00000e3b  ResetISR                      
00000e47  _system_pre_init              
00000e4b  C$$EXIT                       
00000e4b  abort                         
00000e4e  symbol                        
00000e68  __TI_Handler_Table_Base       
00000e70  __TI_CINIT_Base               
00000e70  __TI_Handler_Table_Limit      
00000e78  __TI_CINIT_Limit              
20000000  __stack                       
20000200  __STACK_END                   
20000200  __STACK_TOP                   
20000200  ncols                         
20000204  nrows                         
20000208  fanState                      
2000020c  panelState                    
20000210  heatState                     
ffffffff  __TI_pprof_out_hndl           
ffffffff  __TI_prof_data_size           
ffffffff  __TI_prof_data_start          
ffffffff  __binit__                     
ffffffff  __c_args__                    
ffffffff  binit                         
UNDEFED   __mpu_init                    
UNDEFED   _system_post_cinit            

[56 symbols]
